// Jest Snapshot v1, https://goo.gl/fbAQLP

exports[`ProductListItem Component it matches the snapshot 1`] = `
Array [
  <div
    className="MuiCircularProgress-root makeStyles-progress-5 MuiCircularProgress-colorPrimary MuiCircularProgress-indeterminate"
    role="progressbar"
    style={
      Object {
        "height": 100,
        "width": 100,
      }
    }
  >
    <svg
      className="MuiCircularProgress-svg"
      viewBox="22 22 44 44"
    >
      <circle
        className="MuiCircularProgress-circle MuiCircularProgress-circleIndeterminate"
        cx={44}
        cy={44}
        fill="none"
        r={21}
        strokeWidth={2}
        style={Object {}}
      />
    </svg>
  </div>,
  <div
    className="MuiPaper-root MuiCard-root MuiPaper-elevation3 MuiPaper-rounded"
    style={
      Object {
        "opacity": 0,
        "visibility": "hidden",
      }
    }
  >
    <img
      alt="product thumbnail"
      className="makeStyles-media-1"
      onLoad={[Function]}
      src=""
    />
    <div
      className="MuiCardContent-root"
    >
      <h6
        className="MuiTypography-root makeStyles-header-2 MuiTypography-h6"
      >
        Title
      </h6>
      <p
        className="MuiTypography-root makeStyles-content-3 MuiTypography-body1"
      >
        Description
      </p>
    </div>
    <div
      className="MuiCardActions-root makeStyles-footer-4 MuiCardActions-spacing"
    >
      <button
        className="MuiButtonBase-root MuiButton-root MuiButton-contained MuiButton-containedSecondary"
        disabled={false}
        onBlur={[Function]}
        onDragLeave={[Function]}
        onFocus={[Function]}
        onKeyDown={[Function]}
        onKeyUp={[Function]}
        onMouseDown={[Function]}
        onMouseLeave={[Function]}
        onMouseUp={[Function]}
        onTouchEnd={[Function]}
        onTouchMove={[Function]}
        onTouchStart={[Function]}
        tabIndex={0}
        type="button"
      >
        <span
          className="MuiButton-label"
        >
          View Details
        </span>
      </button>
      <button
        className="MuiButtonBase-root MuiButton-root MuiButton-contained MuiButton-containedPrimary"
        disabled={false}
        onBlur={[Function]}
        onDragLeave={[Function]}
        onFocus={[Function]}
        onKeyDown={[Function]}
        onKeyUp={[Function]}
        onMouseDown={[Function]}
        onMouseLeave={[Function]}
        onMouseUp={[Function]}
        onTouchEnd={[Function]}
        onTouchMove={[Function]}
        onTouchStart={[Function]}
        tabIndex={0}
        type="button"
      >
        <span
          className="MuiButton-label"
        >
          Buy for $400.00
        </span>
      </button>
    </div>
  </div>,
]
`;
